ybb5956@GOL2025-21 MINGW64 ~/Documents/SoftDevI/unit-02-yoelbuzgalo/practicum (main)
$ git --version
git version 2.41.0.windows.3

ybb5956@GOL2025-21 MINGW64 ~/Documents/SoftDevI/unit-02-yoelbuzgalo/practicum (main)
$ cd ..

ybb5956@GOL2025-21 MINGW64 ~/Documents/SoftDevI/unit-02-yoelbuzgalo (main)
$ git status
On branch main
Your branch is up to date with 'origin/main'.

Untracked files:
  (use "git add <file>..." to include in what will be committed)
        about_me.txt
        list_information.txt
        practicum/

nothing added to commit but untracked files present (use "git add" to track)

ybb5956@GOL2025-21 MINGW64 ~/Documents/SoftDevI/unit-02-yoelbuzgalo (main)
$ git add .
warning: in the working copy of 'about_me.txt', LF will be replaced by CRLF the next time Git touches it
warning: in the working copy of 'list_information.txt', LF will be replaced by CRLF the next time Git touches it
warning: in the working copy of 'practicum/files.txt', LF will be replaced by CRLF the next time Git touches it

ybb5956@GOL2025-21 MINGW64 ~/Documents/SoftDevI/unit-02-yoelbuzgalo (main)
$ git commit -m "first commit"
[main 758fd43] first commit
 Committer: Yoel Buzgalo (RIT Student) <ybb5956@rit.edu>
Your name and email address were configured automatically based
on your username and hostname. Please check that they are accurate.
You can suppress this message by setting them explicitly. Run the
following command and follow the instructions in your editor to edit
your configuration file:

    git config --global --edit

After doing this, you may fix the identity used for this commit with:

    git commit --amend --reset-author

 3 files changed, 106 insertions(+)
 create mode 100644 about_me.txt
 create mode 100644 list_information.txt
 create mode 100644 practicum/files.txt

ybb5956@GOL2025-21 MINGW64 ~/Documents/SoftDevI/unit-02-yoelbuzgalo (main)
$ git push
Enumerating objects: 7, done.
Counting objects: 100% (7/7), done.
Delta compression using up to 8 threads
Compressing objects: 100% (5/5), done.
Writing objects: 100% (6/6), 1.07 KiB | 1.07 MiB/s, done.
Total 6 (delta 1), reused 0 (delta 0), pack-reused 0
remote: Resolving deltas: 100% (1/1), done.
To https://github.com/GCIS-123-2231/unit-02-yoelbuzgalo
   0f3191d..758fd43  main -> main

ybb5956@GOL2025-21 MINGW64 ~/Documents/SoftDevI/unit-02-yoelbuzgalo (main)
$ ls
about_me.txt  list_information.txt  mini_practicum_01.txt  practicum/

ybb5956@GOL2025-21 MINGW64 ~/Documents/SoftDevI/unit-02-yoelbuzgalo (main)
$ rm about_me.txt

ybb5956@GOL2025-21 MINGW64 ~/Documents/SoftDevI/unit-02-yoelbuzgalo (main)
$ git status
On branch main
Your branch is up to date with 'origin/main'.

Changes not staged for commit:
  (use "git add/rm <file>..." to update what will be committed)
  (use "git restore <file>..." to discard changes in working directory)
        deleted:    about_me.txt

no changes added to commit (use "git add" and/or "git commit -a")

ybb5956@GOL2025-21 MINGW64 ~/Documents/SoftDevI/unit-02-yoelbuzgalo (main)
$ git commit -m "deleted about_me.txt file"
On branch main
Your branch is up to date with 'origin/main'.

Changes not staged for commit:
  (use "git add/rm <file>..." to update what will be committed)
  (use "git restore <file>..." to discard changes in working directory)
        deleted:    about_me.txt

no changes added to commit (use "git add" and/or "git commit -a")

ybb5956@GOL2025-21 MINGW64 ~/Documents/SoftDevI/unit-02-yoelbuzgalo (main)
$ git add .

ybb5956@GOL2025-21 MINGW64 ~/Documents/SoftDevI/unit-02-yoelbuzgalo (main)
$ git commit -m "deleted about_me.txt file"
[main 0e38690] deleted about_me.txt file
 Committer: Yoel Buzgalo (RIT Student) <ybb5956@rit.edu>
Your name and email address were configured automatically based
on your username and hostname. Please check that they are accurate.
You can suppress this message by setting them explicitly. Run the
following command and follow the instructions in your editor to edit
your configuration file:

    git config --global --edit

After doing this, you may fix the identity used for this commit with:

    git commit --amend --reset-author

 1 file changed, 6 deletions(-)
 delete mode 100644 about_me.txt

